<html>
<body>
<pre>
<h1>µVision Build Log</h1>
<h2>Project:</h2>
C:\Users\brac2\Documents\CECS447\Projects\UART_Project1Part1\UART_Part2\CECS_447_Project1\UART.uvproj
Project File Date:  09/26/2016

<h2>Output:</h2>
Rebuild target 'UART'
assembling startup.s...
compiling PLL.c...
compiling UART.c...
compiling UARTTestMain.c...
compiling EdgeTrigured_Init.c...
compiling Nokia5110.c...
linking...
Program Size: Code=3200 RO-data=496 RW-data=0 ZI-data=1144  
".\UART.axf" - 0 Error(s), 0 Warning(s).
Load "C:\\Users\\brac2\\Documents\\CECS447\\Projects\\UART_Project1Part1\\UART_Part2\\CECS_447_Project1\\UART.axf" 
Connecting: Mode=JTAG, Speed=1000000Hz
Erase Done.
Programming Done.
Verify OK.
</pre>
</body>
</html>
